// Vitest Snapshot v1, https://vitest.dev/guide/snapshot.html

exports[`Flyout > should render correctly 1`] = `
{
  "asFragment": [Function],
  "baseElement": <body>
    <div>
      <div
        class="app light-theme"
      >
        <header
          class="header light-theme"
        >
          <div
            class="header__wrapper container"
          >
            <div
              class="search"
            >
              <form
                class="search__form"
              >
                <input
                  class="text-input"
                  placeholder="Search..."
                  type="text"
                  value=""
                />
                <button
                  class="button  undefined"
                  type="button"
                >
                  Search
                </button>
              </form>
            </div>
            <form
              class="theme-button"
            >
              <label
                class="check-label"
              >
                <input
                  checked=""
                  name="theme"
                  type="radio"
                  value="light"
                />
                Light
              </label>
              <label
                class="check-label"
              >
                <input
                  name="theme"
                  type="radio"
                  value="dark"
                />
                Dark
              </label>
            </form>
          </div>
        </header>
        <main
          class="main"
        >
          <div
            class="main__wrapper container"
          >
            <section
              class="content"
            >
              <h2>
                Loading...
              </h2>
            </section>
          </div>
        </main>
        <div
          class="flyout light-theme "
        >
          <div
            class="container flyout__wrapper"
          >
            <p
              class="flyout__text"
            >
              0 people are selected
            </p>
            <button
              class="button  flyout__btn"
              type="button"
            >
              Download
            </button>
            <button
              class="button button_error flyout__btn"
              type="button"
            >
              Unselect all
            </button>
          </div>
        </div>
      </div>
    </div>
  </body>,
  "container": <div>
    <div
      class="app light-theme"
    >
      <header
        class="header light-theme"
      >
        <div
          class="header__wrapper container"
        >
          <div
            class="search"
          >
            <form
              class="search__form"
            >
              <input
                class="text-input"
                placeholder="Search..."
                type="text"
                value=""
              />
              <button
                class="button  undefined"
                type="button"
              >
                Search
              </button>
            </form>
          </div>
          <form
            class="theme-button"
          >
            <label
              class="check-label"
            >
              <input
                checked=""
                name="theme"
                type="radio"
                value="light"
              />
              Light
            </label>
            <label
              class="check-label"
            >
              <input
                name="theme"
                type="radio"
                value="dark"
              />
              Dark
            </label>
          </form>
        </div>
      </header>
      <main
        class="main"
      >
        <div
          class="main__wrapper container"
        >
          <section
            class="content"
          >
            <h2>
              Loading...
            </h2>
          </section>
        </div>
      </main>
      <div
        class="flyout light-theme "
      >
        <div
          class="container flyout__wrapper"
        >
          <p
            class="flyout__text"
          >
            0 people are selected
          </p>
          <button
            class="button  flyout__btn"
            type="button"
          >
            Download
          </button>
          <button
            class="button button_error flyout__btn"
            type="button"
          >
            Unselect all
          </button>
        </div>
      </div>
    </div>
  </div>,
  "debug": [Function],
  "findAllByAltText": [Function],
  "findAllByDisplayValue": [Function],
  "findAllByLabelText": [Function],
  "findAllByPlaceholderText": [Function],
  "findAllByRole": [Function],
  "findAllByTestId": [Function],
  "findAllByText": [Function],
  "findAllByTitle": [Function],
  "findByAltText": [Function],
  "findByDisplayValue": [Function],
  "findByLabelText": [Function],
  "findByPlaceholderText": [Function],
  "findByRole": [Function],
  "findByTestId": [Function],
  "findByText": [Function],
  "findByTitle": [Function],
  "getAllByAltText": [Function],
  "getAllByDisplayValue": [Function],
  "getAllByLabelText": [Function],
  "getAllByPlaceholderText": [Function],
  "getAllByRole": [Function],
  "getAllByTestId": [Function],
  "getAllByText": [Function],
  "getAllByTitle": [Function],
  "getByAltText": [Function],
  "getByDisplayValue": [Function],
  "getByLabelText": [Function],
  "getByPlaceholderText": [Function],
  "getByRole": [Function],
  "getByTestId": [Function],
  "getByText": [Function],
  "getByTitle": [Function],
  "queryAllByAltText": [Function],
  "queryAllByDisplayValue": [Function],
  "queryAllByLabelText": [Function],
  "queryAllByPlaceholderText": [Function],
  "queryAllByRole": [Function],
  "queryAllByTestId": [Function],
  "queryAllByText": [Function],
  "queryAllByTitle": [Function],
  "queryByAltText": [Function],
  "queryByDisplayValue": [Function],
  "queryByLabelText": [Function],
  "queryByPlaceholderText": [Function],
  "queryByRole": [Function],
  "queryByTestId": [Function],
  "queryByText": [Function],
  "queryByTitle": [Function],
  "rerender": [Function],
  "unmount": [Function],
}
`;
